Microchip MPLAB XC8 Compiler V1.21 ()

Linker command line:

--edf=C:\Arquivos de programas\Microchip\xc8\v1.21\dat\en_msgs.txt -cs \
  -h+dist/default/production\template_ad_usart_pic18f2550.X.production.sym \
  --cmf=dist/default/production\template_ad_usart_pic18f2550.X.production.cmf \
  -z -Q18F2550 -oC:\DOCUME~1\marco\CONFIG~1\Temp\s1as.6 \
  -Mdist/default/production/template_ad_usart_pic18f2550.X.production.map \
  -E1 -ver=XC8 -ACODE=0800h-07FFFh -ACONST=0800h-07FFFh \
  -ASMALLCONST=0800h-08FFhx120 -AMEDIUMCONST=0800h-07FFFh -ACOMRAM=01h-05Fh \
  -AABS1=00h-07FFh -ABIGRAM=01h-07FFh -ARAM=060h-0FFh,0100h-01FFhx7 \
  -ABANK0=060h-0FFh -ABANK1=0100h-01FFh -ABANK2=0200h-02FFh \
  -ABANK3=0300h-03FFh -ABANK4=0400h-04FFh -ABANK5=0500h-05FFh \
  -ABANK6=0600h-06FFh -ABANK7=0700h-07FFh -ASFR=0F60h-0FFFh \
  -preset_vec=0800h,intcode,intcodelo,powerup,init,end_init -pramtop=0800h \
  -psmallconst=SMALLCONST -pmediumconst=MEDIUMCONST -pconst=CONST \
  -AFARRAM=00h-00h -ACONFIG=0300000h-030000Dh -pconfig=CONFIG \
  -AIDLOC=0200000h-0200007h -pidloc=IDLOC -AEEDATA=0F00000h-0F000FFh \
  -peeprom_data=EEDATA \
  -prdata=COMRAM,nvrram=COMRAM,nvbit=COMRAM,rbss=COMRAM,rbit=COMRAM \
  -pfarbss=FARRAM,fardata=FARRAM,nvFARRAM=FARRAM \
  -pintsave_regs=BIGRAM,bigbss=BIGRAM,bigdata=BIGRAM -pbss=RAM \
  -pidata=CODE,irdata=CODE,ibigdata=CODE,ifardata=CODE \
  C:\DOCUME~1\marco\CONFIG~1\Temp\s1as.obj \
  dist/default/production\template_ad_usart_pic18f2550.X.production.obj 

Object code version is 3.11

Machine type is 18F2550

Call graph: (short form)




                Name                               Link     Load   Length Selector   Space Scale
C:\DOCUME~1\marco\CONFIG~1\Temp\s1as.obj
                end_init                            804      804        4      400       0
                reset_vec                           800      800        4      400       0
                idloc                            200000   200000        8   200000       0
                config                           300000   300000        E   300000       0
dist/default/production\template_ad_usart_pic18f2550.X.production.obj
                smallconst                          808      808       16      404       0
                text15                             7D70     7D70       5C     3EB8       0
                text14                             7C36     7C36       2E     3E1B       0
                text13                             7BF0     7BF0       1E     3DF8       0
                text12                             7BB8     7BB8       10     3DDC       0
                text11                             7C64     7C64       2E     3E32       0
                text10                             7DCC     7DCC       5C     3EE6       0
                text9                              7BC8     7BC8       14     3DE4       0
                text8                              7BA4     7BA4        4     3DD2       0
                text7                              7BA8     7BA8        6     3DD4       0
                text6                              7BAE     7BAE        A     3DD7       0
                text5                              7D1A     7D1A       56     3E8D       0
                text4                              7CD4     7CD4       46     3E6A       0
                text3                              7E28     7E28       A4     3F14       0
                text2                              7C92     7C92       42     3E49       0
                text1                              7C0E     7C0E       28     3E07       0
                text0                              7ECC     7ECC      134     3F66       0
                cstackCOMRAM                          1        1       29        1       1
                bssCOMRAM                            2A       2A        3        1       1
                cinit                              7BDC     7BDC       14     3DEE       0

TOTAL           Name                               Link     Load   Length     Space
        CLASS   CODE           
                end_init                            804      804        4         0
                reset_vec                           800      800        4         0
                text15                             7D70     7D70       5C         0
                text14                             7C36     7C36       2E         0
                text13                             7BF0     7BF0       1E         0
                text12                             7BB8     7BB8       10         0
                text11                             7C64     7C64       2E         0
                text10                             7DCC     7DCC       5C         0
                text9                              7BC8     7BC8       14         0
                text8                              7BA4     7BA4        4         0
                text7                              7BA8     7BA8        6         0
                text6                              7BAE     7BAE        A         0
                text5                              7D1A     7D1A       56         0
                text4                              7CD4     7CD4       46         0
                text3                              7E28     7E28       A4         0
                text2                              7C92     7C92       42         0
                text1                              7C0E     7C0E       28         0
                text0                              7ECC     7ECC      134         0
                cinit                              7BDC     7BDC       14         0

        CLASS   CONST          

        CLASS   SMALLCONST     
                smallconst                          808      808       16         0

        CLASS   MEDIUMCONST    

        CLASS   COMRAM         
                cstackCOMRAM                          1        1       29         1
                bssCOMRAM                            2A       2A        3         1

        CLASS   ABS1           

        CLASS   BIGRAM         

        CLASS   RAM            

        CLASS   BANK0          

        CLASS   BANK1          

        CLASS   BANK2          

        CLASS   BANK3          

        CLASS   BANK4          

        CLASS   BANK5          

        CLASS   BANK6          

        CLASS   BANK7          

        CLASS   SFR            

        CLASS   FARRAM         

        CLASS   CONFIG         
                config                           300000   300000        E         0

        CLASS   IDLOC          
                idloc                            200000   200000        8         0

        CLASS   EEDATA         



SEGMENTS        Name                           Load    Length   Top    Selector   Space  Class

                cstackCOMRAM                   000001  00002C  00002D         1       1  COMRAM  
                reset_vec                      000800  000008  000808       400       0  CODE    
                smallconst                     000808  000016  00081E       404       0  SMALLCON
                text8                          007BA4  000004  007BA8      3DD2       0  CODE    
                text7                          007BA8  000006  007BAE      3DD4       0  CODE    
                text6                          007BAE  00000A  007BB8      3DD7       0  CODE    
                text12                         007BB8  000010  007BC8      3DDC       0  CODE    
                text9                          007BC8  000014  007BDC      3DE4       0  CODE    
                cinit                          007BDC  000014  007BF0      3DEE       0  CODE    
                text13                         007BF0  00001E  007C0E      3DF8       0  CODE    
                text1                          007C0E  000028  007C36      3E07       0  CODE    
                text14                         007C36  00002E  007C64      3E1B       0  CODE    
                text11                         007C64  00002E  007C92      3E32       0  CODE    
                text2                          007C92  000042  007CD4      3E49       0  CODE    
                text4                          007CD4  000046  007D1A      3E6A       0  CODE    
                text5                          007D1A  000056  007D70      3E8D       0  CODE    
                text15                         007D70  00005C  007DCC      3EB8       0  CODE    
                text10                         007DCC  00005C  007E28      3EE6       0  CODE    
                text3                          007E28  0000A4  007ECC      3F14       0  CODE    
                text0                          007ECC  000134  008000      3F66       0  CODE    
                idloc                          200000  000008  200008    200000       0  IDLOC   
                config                         300000  00000E  30000E    300000       0  CONFIG  


UNUSED ADDRESS RANGES

        Name                Unused          Largest block    Delta
        BANK0            000060-0000FF               A0
        BANK1            000100-0001FF              100
        BANK2            000200-0002FF              100
        BANK3            000300-0003FF              100
        BANK4            000400-0004FF              100
        BANK5            000500-0005FF              100
        BANK6            000600-0006FF              100
        BANK7            000700-0007FF              100
        BIGRAM           00002D-0007FF              7D3
        CODE             00081E-007BA3             7386
        COMRAM           00002D-00005F               33
        CONST            00081E-007BA3             7386
        EEDATA           F00000-F000FF              100
        FARRAM           000000-000000                1
        MEDIUMCONST      00081E-007BA3             7386
        RAM              000060-0007FF              100
        SFR              000F60-000FFF               A0
        SMALLCONST       00081E-007BA3              100

                                  Symbol Table

?_OpenADC                cstackCOMRAM 000001
?_OpenUSART              cstackCOMRAM 000001
?_ReadADC                cstackCOMRAM 000001
?_SetChanADC             cstackCOMRAM 000001
?_WriteUSART             cstackCOMRAM 000001
?___lwdiv                cstackCOMRAM 000001
?___lwmod                cstackCOMRAM 000001
?_itoa                   cstackCOMRAM 000012
?_putrsUSART             cstackCOMRAM 000002
?_putsUSART              cstackCOMRAM 000002
?_utoa                   cstackCOMRAM 000009
OpenADC@config           cstackCOMRAM 000001
OpenADC@config2          cstackCOMRAM 000002
OpenADC@portconfig       cstackCOMRAM 000003
OpenUSART@config         cstackCOMRAM 000001
OpenUSART@spbrg          cstackCOMRAM 000002
ReadUSART@data           cstackCOMRAM 000001
SetChanADC@channel       cstackCOMRAM 000001
WriteUSART@data          cstackCOMRAM 000001
_ADCON0                  (abs)        000FC2
_ADCON0bits              (abs)        000FC2
_ADCON1                  (abs)        000FC1
_ADCON2                  (abs)        000FC0
_ADRESH                  (abs)        000FC4
_ADRESL                  (abs)        000FC3
_BusyADC                 text7        007BA8
_ConvertADC              text8        007BA4
_Delay1Second            text14       007C36
_INTCONbits              (abs)        000FF2
_OpenADC                 text10       007DCC
_OpenUSART               text15       007D70
_PIE1bits                (abs)        000F9D
_PIR1bits                (abs)        000F9E
_PORTBbits               (abs)        000F81
_RCREG                   (abs)        000FAE
_RCSTA                   (abs)        000FAB
_RCSTAbits               (abs)        000FAB
_ReadADC                 text6        007BAE
_ReadUSART               text13       007BF0
_SPBRG                   (abs)        000FAF
_SPBRGH                  (abs)        000FB0
_SetChanADC              text9        007BC8
_TRISBbits               (abs)        000F93
_TRISCbits               (abs)        000F94
_TXREG                   (abs)        000FAD
_TXSTA                   (abs)        000FAC
_TXSTAbits               (abs)        000FAC
_USART_Status            bssCOMRAM    00002C
_WriteUSART              text12       007BB8
__CFG_BOR$ON             (abs)        000000
__CFG_BORV$3             (abs)        000000
__CFG_CCP2MX$OFF         (abs)        000000
__CFG_CP0$OFF            (abs)        000000
__CFG_CP1$ON             (abs)        000000
__CFG_CP2$ON             (abs)        000000
__CFG_CP3$ON             (abs)        000000
__CFG_CPB$OFF            (abs)        000000
__CFG_CPD$OFF            (abs)        000000
__CFG_CPUDIV$OSC1_PLL2   (abs)        000000
__CFG_EBTR0$OFF          (abs)        000000
__CFG_EBTR1$OFF          (abs)        000000
__CFG_EBTR2$OFF          (abs)        000000
__CFG_EBTR3$OFF          (abs)        000000
__CFG_EBTRB$OFF          (abs)        000000
__CFG_FCMEN$OFF          (abs)        000000
__CFG_FOSC$HSPLL_HS      (abs)        000000
__CFG_IESO$OFF           (abs)        000000
__CFG_LPT1OSC$OFF        (abs)        000000
__CFG_LVP$OFF            (abs)        000000
__CFG_MCLRE$ON           (abs)        000000
__CFG_PBADEN$OFF         (abs)        000000
__CFG_PLLDIV$5           (abs)        000000
__CFG_PWRT$ON            (abs)        000000
__CFG_STVREN$ON          (abs)        000000
__CFG_USBDIV$2           (abs)        000000
__CFG_VREGEN$ON          (abs)        000000
__CFG_WDT$OFF            (abs)        000000
__CFG_WDTPS$32768        (abs)        000000
__CFG_WRT0$OFF           (abs)        000000
__CFG_WRT1$OFF           (abs)        000000
__CFG_WRT2$OFF           (abs)        000000
__CFG_WRT3$OFF           (abs)        000000
__CFG_WRTB$ON            (abs)        000000
__CFG_WRTC$OFF           (abs)        000000
__CFG_WRTD$OFF           (abs)        000000
__CFG_XINST$OFF          (abs)        000000
__HRAM                   (abs)        000000
__Habs1                  abs1         000000
__Hbank0                 bank0        000000
__Hbank1                 bank1        000000
__Hbank2                 bank2        000000
__Hbank3                 bank3        000000
__Hbank4                 bank4        000000
__Hbank5                 bank5        000000
__Hbank6                 bank6        000000
__Hbank7                 bank7        000000
__Hbigbss                bigbss       000000
__Hbigdata               bigdata      000000
__Hbigram                bigram       000000
__Hbss                   bss          000000
__HbssCOMRAM             bssCOMRAM    000000
__Hcinit                 cinit        000000
__Hclrtext               clrtext      000000
__Hcomram                comram       000000
__Hconfig                config       30000E
__Hconst                 const        000000
__HcstackCOMRAM          cstackCOMRAM 000000
__Hdata                  data         000000
__Heeprom_data           eeprom_data  000000
__Hend_init              end_init     000808
__Hfarbss                farbss       000000
__Hfardata               fardata      000000
__Hibigdata              ibigdata     000000
__Hidata                 idata        000000
__Hidloc                 idloc        200008
__Hifardata              ifardata     000000
__Hinit                  init         000804
__Hintcode               intcode      000804
__Hintcode_body          intcode_body 000000
__Hintcodelo             intcodelo    000804
__Hintentry              intentry     000000
__Hintret                intret       000000
__Hintsave_regs          intsave_regs 000000
__Hirdata                irdata       000000
__Hmediumconst           mediumconst  000000
__HnvFARRAM              nvFARRAM     000000
__Hnvbit                 nvbit        000000
__Hnvrram                nvrram       000000
__Hparam                 rparam       000000
__Hpowerup               powerup      000804
__Hram                   ram          000000
__Hramtop                ramtop       000800
__Hrbit                  rbit         000000
__Hrbss                  rbss         000000
__Hrdata                 rdata        000000
__Hreset_vec             reset_vec    000804
__Hrparam                rparam       000000
__Hsfr                   sfr          000000
__Hsmallconst            smallconst   00081E
__Hstruct                struct       000000
__Htemp                  temp         000000
__Htext                  text         000000
__Htext0                 text0        000000
__Htext1                 text1        000000
__Htext10                text10       000000
__Htext11                text11       000000
__Htext12                text12       000000
__Htext13                text13       000000
__Htext14                text14       000000
__Htext15                text15       000000
__Htext2                 text2        000000
__Htext3                 text3        000000
__Htext4                 text4        000000
__Htext5                 text5        000000
__Htext6                 text6        000000
__Htext7                 text7        000000
__Htext8                 text8        000000
__Htext9                 text9        000000
__LRAM                   (abs)        000001
__Labs1                  abs1         000000
__Lbank0                 bank0        000000
__Lbank1                 bank1        000000
__Lbank2                 bank2        000000
__Lbank3                 bank3        000000
__Lbank4                 bank4        000000
__Lbank5                 bank5        000000
__Lbank6                 bank6        000000
__Lbank7                 bank7        000000
__Lbigbss                bigbss       000000
__Lbigdata               bigdata      000000
__Lbigram                bigram       000000
__Lbss                   bss          000000
__LbssCOMRAM             bssCOMRAM    000000
__Lcinit                 cinit        000000
__Lclrtext               clrtext      000000
__Lcomram                comram       000000
__Lconfig                config       300000
__Lconst                 const        000000
__LcstackCOMRAM          cstackCOMRAM 000000
__Ldata                  data         000000
__Leeprom_data           eeprom_data  000000
__Lend_init              end_init     000804
__Lfarbss                farbss       000000
__Lfardata               fardata      000000
__Libigdata              ibigdata     000000
__Lidata                 idata        000000
__Lidloc                 idloc        200000
__Lifardata              ifardata     000000
__Linit                  init         000804
__Lintcode               intcode      000804
__Lintcode_body          intcode_body 000000
__Lintcodelo             intcodelo    000804
__Lintentry              intentry     000000
__Lintret                intret       000000
__Lintsave_regs          intsave_regs 000000
__Lirdata                irdata       000000
__Lmediumconst           mediumconst  000000
__LnvFARRAM              nvFARRAM     000000
__Lnvbit                 nvbit        000000
__Lnvrram                nvrram       000000
__Lparam                 rparam       000000
__Lpowerup               powerup      000804
__Lram                   ram          000000
__Lramtop                ramtop       000800
__Lrbit                  rbit         000000
__Lrbss                  rbss         000000
__Lrdata                 rdata        000000
__Lreset_vec             reset_vec    000800
__Lrparam                rparam       000000
__Lsfr                   sfr          000000
__Lsmallconst            smallconst   000808
__Lstruct                struct       000000
__Ltemp                  temp         000000
__Ltext                  text         000000
__Ltext0                 text0        000000
__Ltext1                 text1        000000
__Ltext10                text10       000000
__Ltext11                text11       000000
__Ltext12                text12       000000
__Ltext13                text13       000000
__Ltext14                text14       000000
__Ltext15                text15       000000
__Ltext2                 text2        000000
__Ltext3                 text3        000000
__Ltext4                 text4        000000
__Ltext5                 text5        000000
__Ltext6                 text6        000000
__Ltext7                 text7        000000
__Ltext8                 text8        000000
__Ltext9                 text9        000000
__S0                     (abs)        30000E
__S1                     (abs)        00002D
___lwdiv                 text5        007D1A
___lwdiv@counter         cstackCOMRAM 000008
___lwdiv@dividend        cstackCOMRAM 000001
___lwdiv@divisor         cstackCOMRAM 000003
___lwdiv@quotient        cstackCOMRAM 000006
___lwmod                 text4        007CD4
___lwmod@counter         cstackCOMRAM 000006
___lwmod@dividend        cstackCOMRAM 000001
___lwmod@divisor         cstackCOMRAM 000003
__accesstop              (abs)        000060
__activetblptr           (abs)        000001
__end_of_BusyADC         text7        007BAE
__end_of_ConvertADC      text8        007BA8
__end_of_Delay1Second    text14       007C64
__end_of_OpenADC         text10       007E28
__end_of_OpenUSART       text15       007DCC
__end_of_ReadADC         text6        007BB8
__end_of_ReadUSART       text13       007C0E
__end_of_SetChanADC      text9        007BDC
__end_of_WriteUSART      text12       007BC8
__end_of___lwdiv         text5        007D70
__end_of___lwmod         text4        007D1A
__end_of__initialization cinit        007BE2
__end_of__stringdata     smallconst   00081C
__end_of_itoa            text2        007CD4
__end_of_main            text0        008000
__end_of_putrsUSART      text11       007C92
__end_of_putsUSART       text1        007C36
__end_of_utoa            text3        007ECC
__initialization         cinit        007BDC
__mediumconst            mediumconst  000000
__pbssCOMRAM             bssCOMRAM    00002A
__pcinit                 cinit        007BDC
__pcstackCOMRAM          cstackCOMRAM 000001
__psmallconst            smallconst   000808
__ptext0                 text0        007ECC
__ptext1                 text1        007C0E
__ptext10                text10       007DCC
__ptext11                text11       007C64
__ptext12                text12       007BB8
__ptext13                text13       007BF0
__ptext14                text14       007C36
__ptext15                text15       007D70
__ptext2                 text2        007C92
__ptext3                 text3        007E28
__ptext4                 text4        007CD4
__ptext5                 text5        007D1A
__ptext6                 text6        007BAE
__ptext7                 text7        007BA8
__ptext8                 text8        007BA4
__ptext9                 text9        007BC8
__ramtop                 ramtop       000800
__size_of_BusyADC        (abs)        000000
__size_of_ConvertADC     (abs)        000000
__size_of_Delay1Second   (abs)        000000
__size_of_OpenADC        (abs)        000000
__size_of_OpenUSART      (abs)        000000
__size_of_ReadADC        (abs)        000000
__size_of_ReadUSART      (abs)        000000
__size_of_SetChanADC     (abs)        000000
__size_of_WriteUSART     (abs)        000000
__size_of___lwdiv        (abs)        000000
__size_of___lwmod        (abs)        000000
__size_of_itoa           (abs)        000000
__size_of_main           (abs)        000000
__size_of_putrsUSART     (abs)        000000
__size_of_putsUSART      (abs)        000000
__size_of_utoa           (abs)        000000
__smallconst             smallconst   000808
__stringdata             smallconst   000808
_i                       bssCOMRAM    00002A
_itoa                    text2        007C92
_main                    text0        007ECC
_putrsUSART              text11       007C64
_putsUSART               text1        007C0E
_utoa                    text3        007E28
end_of_initialization    cinit        007BE2
intlevel0                text         000000
intlevel1                text         000000
intlevel2                text         000000
intlevel3                text         000000
itoa@base                cstackCOMRAM 000016
itoa@buf                 cstackCOMRAM 000012
itoa@cp                  cstackCOMRAM 000018
itoa@val                 cstackCOMRAM 000014
main@dado                cstackCOMRAM 000029
main@valorad_ascii       cstackCOMRAM 000022
main@valorad_int         cstackCOMRAM 000027
putrsUSART@data          cstackCOMRAM 000002
putsUSART@data           cstackCOMRAM 000002
start                    init         000804
start_initialization     cinit        007BDC
utoa@base                cstackCOMRAM 00000D
utoa@buf                 cstackCOMRAM 000009
utoa@c                   cstackCOMRAM 000011
utoa@v                   cstackCOMRAM 00000F
utoa@val                 cstackCOMRAM 00000B


FUNCTION INFORMATION:

 *************** function _main *****************
 Defined at:
		line 13 in file "main.c"
 Parameters:    Size  Location     Type
  argc            2   25[COMRAM] int 
  argv            3   27[COMRAM] PTR PTR unsigned char 
 Auto vars:     Size  Location     Type
  valorad_asci    5   33[COMRAM] unsigned char [5]
  valorad_int     2   38[COMRAM] int 
  dado            1   40[COMRAM] unsigned char 
 Return value:  Size  Location     Type
		None               void
 Registers used:
		wreg, fsr2l, fsr2h, status,2, status,0, tblptrl, tblptrh, tblptru, cstack
 Tracked objects:
		On entry : 
		On exit  : 
		Unchanged: 
 Data sizes:     COMRAM   BANK0   BANK1   BANK2   BANK3   BANK4   BANK5   BANK6   BANK7
      Params:         5       0       0       0       0       0       0       0       0
      Locals:         8       0       0       0       0       0       0       0       0
      Temps:          3       0       0       0       0       0       0       0       0
      Totals:        16       0       0       0       0       0       0       0       0
Total ram usage:       16 bytes
 Hardware stack levels required when called:    3
 This function calls:
		_OpenUSART
		_Delay1Second
		_ReadUSART
		_putrsUSART
		_WriteUSART
		_OpenADC
		_SetChanADC
		_ConvertADC
		_BusyADC
		_ReadADC
		_itoa
		_putsUSART
 This function is called by:
		Startup code after reset
 This function uses a non-reentrant model


 *************** function _putsUSART *****************
 Defined at:
		line 15 in file "C:\Arquivos de programas\Microchip\xc8\v1.21\sources\pic18\plib\USART\uputs.c"
 Parameters:    Size  Location     Type
  data            2    1[COMRAM] PTR unsigned char 
		 -> main@valorad_ascii(5), 
 Auto vars:     Size  Location     Type
		None
 Return value:  Size  Location     Type
		None               void
 Registers used:
		wreg, fsr2l, fsr2h, status,2, status,0, cstack
 Tracked objects:
		On entry : 
		On exit  : 
		Unchanged: 
 Data sizes:     COMRAM   BANK0   BANK1   BANK2   BANK3   BANK4   BANK5   BANK6   BANK7
      Params:         2       0       0       0       0       0       0       0       0
      Locals:         0       0       0       0       0       0       0       0       0
      Temps:          0       0       0       0       0       0       0       0       0
      Totals:         2       0       0       0       0       0       0       0       0
Total ram usage:        2 bytes
 Hardware stack levels used:    1
 Hardware stack levels required when called:    1
 This function calls:
		_WriteUSART
 This function is called by:
		_main
 This function uses a non-reentrant model


 *************** function _itoa *****************
 Defined at:
		line 5 in file "C:\Arquivos de programas\Microchip\xc8\v1.21\sources\common\itoa.c"
 Parameters:    Size  Location     Type
  buf             2   17[COMRAM] PTR unsigned char 
		 -> main@valorad_ascii(5), 
  val             2   19[COMRAM] int 
  base            2   21[COMRAM] int 
 Auto vars:     Size  Location     Type
  cp              2   23[COMRAM] PTR unsigned char 
		 -> main@valorad_ascii(5), 
 Return value:  Size  Location     Type
                  2   17[COMRAM] PTR unsigned char 
 Registers used:
		wreg, fsr2l, fsr2h, status,2, status,0, cstack
 Tracked objects:
		On entry : 
		On exit  : 
		Unchanged: 
 Data sizes:     COMRAM   BANK0   BANK1   BANK2   BANK3   BANK4   BANK5   BANK6   BANK7
      Params:         6       0       0       0       0       0       0       0       0
      Locals:         2       0       0       0       0       0       0       0       0
      Temps:          0       0       0       0       0       0       0       0       0
      Totals:         8       0       0       0       0       0       0       0       0
Total ram usage:        8 bytes
 Hardware stack levels used:    1
 Hardware stack levels required when called:    2
 This function calls:
		_utoa
 This function is called by:
		_main
 This function uses a non-reentrant model


 *************** function _utoa *****************
 Defined at:
		line 18 in file "C:\Arquivos de programas\Microchip\xc8\v1.21\sources\common\itoa.c"
 Parameters:    Size  Location     Type
  buf             2    8[COMRAM] PTR unsigned char 
		 -> main@valorad_ascii(5), 
  val             2   10[COMRAM] unsigned int 
  base            2   12[COMRAM] int 
 Auto vars:     Size  Location     Type
  v               2   14[COMRAM] unsigned int 
  c               1   16[COMRAM] unsigned char 
 Return value:  Size  Location     Type
                  2    8[COMRAM] PTR unsigned char 
 Registers used:
		wreg, fsr2l, fsr2h, status,2, status,0, cstack
 Tracked objects:
		On entry : 
		On exit  : 
		Unchanged: 
 Data sizes:     COMRAM   BANK0   BANK1   BANK2   BANK3   BANK4   BANK5   BANK6   BANK7
      Params:         6       0       0       0       0       0       0       0       0
      Locals:         3       0       0       0       0       0       0       0       0
      Temps:          0       0       0       0       0       0       0       0       0
      Totals:         9       0       0       0       0       0       0       0       0
Total ram usage:        9 bytes
 Hardware stack levels used:    1
 Hardware stack levels required when called:    1
 This function calls:
		___lwdiv
		___lwmod
 This function is called by:
		_itoa
 This function uses a non-reentrant model


 *************** function ___lwmod *****************
 Defined at:
		line 10 in file "C:\Arquivos de programas\Microchip\xc8\v1.21\sources\common\lwmod.c"
 Parameters:    Size  Location     Type
  dividend        2    0[COMRAM] unsigned int 
  divisor         2    2[COMRAM] unsigned int 
 Auto vars:     Size  Location     Type
  counter         1    5[COMRAM] unsigned char 
 Return value:  Size  Location     Type
                  2    0[COMRAM] unsigned int 
 Registers used:
		wreg, status,2, status,0
 Tracked objects:
		On entry : 
		On exit  : 
		Unchanged: 
 Data sizes:     COMRAM   BANK0   BANK1   BANK2   BANK3   BANK4   BANK5   BANK6   BANK7
      Params:         4       0       0       0       0       0       0       0       0
      Locals:         1       0       0       0       0       0       0       0       0
      Temps:          1       0       0       0       0       0       0       0       0
      Totals:         6       0       0       0       0       0       0       0       0
Total ram usage:        6 bytes
 Hardware stack levels used:    1
 This function calls:
		Nothing
 This function is called by:
		_utoa
 This function uses a non-reentrant model


 *************** function ___lwdiv *****************
 Defined at:
		line 10 in file "C:\Arquivos de programas\Microchip\xc8\v1.21\sources\common\lwdiv.c"
 Parameters:    Size  Location     Type
  dividend        2    0[COMRAM] unsigned int 
  divisor         2    2[COMRAM] unsigned int 
 Auto vars:     Size  Location     Type
  quotient        2    5[COMRAM] unsigned int 
  counter         1    7[COMRAM] unsigned char 
 Return value:  Size  Location     Type
                  2    0[COMRAM] unsigned int 
 Registers used:
		wreg, status,2, status,0
 Tracked objects:
		On entry : 
		On exit  : 
		Unchanged: 
 Data sizes:     COMRAM   BANK0   BANK1   BANK2   BANK3   BANK4   BANK5   BANK6   BANK7
      Params:         4       0       0       0       0       0       0       0       0
      Locals:         3       0       0       0       0       0       0       0       0
      Temps:          1       0       0       0       0       0       0       0       0
      Totals:         8       0       0       0       0       0       0       0       0
Total ram usage:        8 bytes
 Hardware stack levels used:    1
 This function calls:
		Nothing
 This function is called by:
		_utoa
 This function uses a non-reentrant model


 *************** function _ReadADC *****************
 Defined at:
		line 25 in file "C:\Arquivos de programas\Microchip\xc8\v1.21\sources\pic18\plib\ADC\adcread.c"
 Parameters:    Size  Location     Type
		None
 Auto vars:     Size  Location     Type
		None
 Return value:  Size  Location     Type
                  2    0[COMRAM] int 
 Registers used:
		wreg, status,2
 Tracked objects:
		On entry : 
		On exit  : 
		Unchanged: 
 Data sizes:     COMRAM   BANK0   BANK1   BANK2   BANK3   BANK4   BANK5   BANK6   BANK7
      Params:         2       0       0       0       0       0       0       0       0
      Locals:         0       0       0       0       0       0       0       0       0
      Temps:          0       0       0       0       0       0       0       0       0
      Totals:         2       0       0       0       0       0       0       0       0
Total ram usage:        2 bytes
 Hardware stack levels used:    1
 This function calls:
		Nothing
 This function is called by:
		_main
 This function uses a non-reentrant model


 *************** function _BusyADC *****************
 Defined at:
		line 27 in file "C:\Arquivos de programas\Microchip\xc8\v1.21\sources\pic18\plib\ADC\adcbusy.c"
 Parameters:    Size  Location     Type
		None
 Auto vars:     Size  Location     Type
		None
 Return value:  Size  Location     Type
                  1    wreg      unsigned char 
 Registers used:
		wreg, status,2, status,0
 Tracked objects:
		On entry : 
		On exit  : 
		Unchanged: 
 Data sizes:     COMRAM   BANK0   BANK1   BANK2   BANK3   BANK4   BANK5   BANK6   BANK7
      Params:         0       0       0       0       0       0       0       0       0
      Locals:         0       0       0       0       0       0       0       0       0
      Temps:          0       0       0       0       0       0       0       0       0
      Totals:         0       0       0       0       0       0       0       0       0
Total ram usage:        0 bytes
 Hardware stack levels used:    1
 This function calls:
		Nothing
 This function is called by:
		_main
 This function uses a non-reentrant model


 *************** function _ConvertADC *****************
 Defined at:
		line 23 in file "C:\Arquivos de programas\Microchip\xc8\v1.21\sources\pic18\plib\ADC\adcconv.c"
 Parameters:    Size  Location     Type
		None
 Auto vars:     Size  Location     Type
		None
 Return value:  Size  Location     Type
		None               void
 Registers used:
		None
 Tracked objects:
		On entry : 
		On exit  : 
		Unchanged: 
 Data sizes:     COMRAM   BANK0   BANK1   BANK2   BANK3   BANK4   BANK5   BANK6   BANK7
      Params:         0       0       0       0       0       0       0       0       0
      Locals:         0       0       0       0       0       0       0       0       0
      Temps:          0       0       0       0       0       0       0       0       0
      Totals:         0       0       0       0       0       0       0       0       0
Total ram usage:        0 bytes
 Hardware stack levels used:    1
 This function calls:
		Nothing
 This function is called by:
		_main
 This function uses a non-reentrant model


 *************** function _SetChanADC *****************
 Defined at:
		line 31 in file "C:\Arquivos de programas\Microchip\xc8\v1.21\sources\pic18\plib\ADC\adcsetch.c"
 Parameters:    Size  Location     Type
  channel         1    0[COMRAM] unsigned char 
 Auto vars:     Size  Location     Type
		None
 Return value:  Size  Location     Type
		None               void
 Registers used:
		wreg, status,2, status,0
 Tracked objects:
		On entry : 
		On exit  : 
		Unchanged: 
 Data sizes:     COMRAM   BANK0   BANK1   BANK2   BANK3   BANK4   BANK5   BANK6   BANK7
      Params:         1       0       0       0       0       0       0       0       0
      Locals:         0       0       0       0       0       0       0       0       0
      Temps:          1       0       0       0       0       0       0       0       0
      Totals:         2       0       0       0       0       0       0       0       0
Total ram usage:        2 bytes
 Hardware stack levels used:    1
 This function calls:
		Nothing
 This function is called by:
		_main
 This function uses a non-reentrant model


 *************** function _OpenADC *****************
 Defined at:
		line 71 in file "C:\Arquivos de programas\Microchip\xc8\v1.21\sources\pic18\plib\ADC\adcopen.c"
 Parameters:    Size  Location     Type
  config          1    0[COMRAM] unsigned char 
  config2         1    1[COMRAM] unsigned char 
  portconfig      1    2[COMRAM] unsigned char 
 Auto vars:     Size  Location     Type
		None
 Return value:  Size  Location     Type
		None               void
 Registers used:
		wreg, status,2, status,0
 Tracked objects:
		On entry : 
		On exit  : 
		Unchanged: 
 Data sizes:     COMRAM   BANK0   BANK1   BANK2   BANK3   BANK4   BANK5   BANK6   BANK7
      Params:         3       0       0       0       0       0       0       0       0
      Locals:         0       0       0       0       0       0       0       0       0
      Temps:          2       0       0       0       0       0       0       0       0
      Totals:         5       0       0       0       0       0       0       0       0
Total ram usage:        5 bytes
 Hardware stack levels used:    1
 This function calls:
		Nothing
 This function is called by:
		_main
 This function uses a non-reentrant model


 *************** function _putrsUSART *****************
 Defined at:
		line 14 in file "C:\Arquivos de programas\Microchip\xc8\v1.21\sources\pic18\plib\USART\uputrs.c"
 Parameters:    Size  Location     Type
  data            2    1[COMRAM] PTR const unsigned char 
		 -> STR_3(11), STR_2(9), STR_1(6), 
 Auto vars:     Size  Location     Type
		None
 Return value:  Size  Location     Type
		None               void
 Registers used:
		wreg, status,2, status,0, tblptrl, tblptrh, tblptru, cstack
 Tracked objects:
		On entry : 
		On exit  : 
		Unchanged: 
 Data sizes:     COMRAM   BANK0   BANK1   BANK2   BANK3   BANK4   BANK5   BANK6   BANK7
      Params:         2       0       0       0       0       0       0       0       0
      Locals:         0       0       0       0       0       0       0       0       0
      Temps:          0       0       0       0       0       0       0       0       0
      Totals:         2       0       0       0       0       0       0       0       0
Total ram usage:        2 bytes
 Hardware stack levels used:    1
 Hardware stack levels required when called:    1
 This function calls:
		_WriteUSART
 This function is called by:
		_main
 This function uses a non-reentrant model


 *************** function _WriteUSART *****************
 Defined at:
		line 14 in file "C:\Arquivos de programas\Microchip\xc8\v1.21\sources\pic18\plib\USART\uwrite.c"
 Parameters:    Size  Location     Type
  data            1    0[COMRAM] unsigned char 
 Auto vars:     Size  Location     Type
		None
 Return value:  Size  Location     Type
		None               void
 Registers used:
		None
 Tracked objects:
		On entry : 
		On exit  : 
		Unchanged: 
 Data sizes:     COMRAM   BANK0   BANK1   BANK2   BANK3   BANK4   BANK5   BANK6   BANK7
      Params:         1       0       0       0       0       0       0       0       0
      Locals:         0       0       0       0       0       0       0       0       0
      Temps:          0       0       0       0       0       0       0       0       0
      Totals:         1       0       0       0       0       0       0       0       0
Total ram usage:        1 bytes
 Hardware stack levels used:    1
 This function calls:
		Nothing
 This function is called by:
		_main
		_putrsUSART
		_putsUSART
 This function uses a non-reentrant model


 *************** function _ReadUSART *****************
 Defined at:
		line 16 in file "C:\Arquivos de programas\Microchip\xc8\v1.21\sources\pic18\plib\USART\uread.c"
 Parameters:    Size  Location     Type
		None
 Auto vars:     Size  Location     Type
  data            1    0[COMRAM] unsigned char 
 Return value:  Size  Location     Type
                  1    wreg      unsigned char 
 Registers used:
		wreg, status,2, status,0
 Tracked objects:
		On entry : 
		On exit  : 
		Unchanged: 
 Data sizes:     COMRAM   BANK0   BANK1   BANK2   BANK3   BANK4   BANK5   BANK6   BANK7
      Params:         0       0       0       0       0       0       0       0       0
      Locals:         1       0       0       0       0       0       0       0       0
      Temps:          0       0       0       0       0       0       0       0       0
      Totals:         1       0       0       0       0       0       0       0       0
Total ram usage:        1 bytes
 Hardware stack levels used:    1
 This function calls:
		Nothing
 This function is called by:
		_main
 This function uses a non-reentrant model


 *************** function _Delay1Second *****************
 Defined at:
		line 84 in file "main.c"
 Parameters:    Size  Location     Type
		None
 Auto vars:     Size  Location     Type
		None
 Return value:  Size  Location     Type
		None               void
 Registers used:
		wreg, status,2, status,0
 Tracked objects:
		On entry : 
		On exit  : 
		Unchanged: 
 Data sizes:     COMRAM   BANK0   BANK1   BANK2   BANK3   BANK4   BANK5   BANK6   BANK7
      Params:         0       0       0       0       0       0       0       0       0
      Locals:         0       0       0       0       0       0       0       0       0
      Temps:          1       0       0       0       0       0       0       0       0
      Totals:         1       0       0       0       0       0       0       0       0
Total ram usage:        1 bytes
 Hardware stack levels used:    1
 This function calls:
		Nothing
 This function is called by:
		_main
 This function uses a non-reentrant model


 *************** function _OpenUSART *****************
 Defined at:
		line 74 in file "C:\Arquivos de programas\Microchip\xc8\v1.21\sources\pic18\plib\USART\uopen.c"
 Parameters:    Size  Location     Type
  config          1    0[COMRAM] unsigned char 
  spbrg           2    1[COMRAM] unsigned int 
 Auto vars:     Size  Location     Type
		None
 Return value:  Size  Location     Type
		None               void
 Registers used:
		wreg, status,2
 Tracked objects:
		On entry : 
		On exit  : 
		Unchanged: 
 Data sizes:     COMRAM   BANK0   BANK1   BANK2   BANK3   BANK4   BANK5   BANK6   BANK7
      Params:         3       0       0       0       0       0       0       0       0
      Locals:         0       0       0       0       0       0       0       0       0
      Temps:          0       0       0       0       0       0       0       0       0
      Totals:         3       0       0       0       0       0       0       0       0
Total ram usage:        3 bytes
 Hardware stack levels used:    1
 This function calls:
		Nothing
 This function is called by:
		_main
 This function uses a non-reentrant model



MODULE INFORMATION

Module		Function		Class		Link	Load	Size
C:\Arquivos de programas\Microchip\xc8\v1.21\sources\common\lwdiv.c
		___lwdiv       		CODE           	7D1A	0000	86

C:\Arquivos de programas\Microchip\xc8\v1.21\sources\common\lwdiv.c estimated size: 86

C:\Arquivos de programas\Microchip\xc8\v1.21\sources\pic18\plib\ADC\adcopen.c
		_OpenADC       		CODE           	7DCC	0000	92

C:\Arquivos de programas\Microchip\xc8\v1.21\sources\pic18\plib\ADC\adcopen.c estimated size: 92

shared
		__stringdata   		SMALLCONST     	0808	0000	20
		__initializatio		CODE           	7BDC	0000	6

shared estimated size: 26

C:\Arquivos de programas\Microchip\xc8\v1.21\sources\pic18\plib\ADC\adcbusy.c
		_BusyADC       		CODE           	7BA8	0000	6

C:\Arquivos de programas\Microchip\xc8\v1.21\sources\pic18\plib\ADC\adcbusy.c estimated size: 6

C:\Arquivos de programas\Microchip\xc8\v1.21\sources\common\itoa.c
		_itoa          		CODE           	7C92	0000	66
		_utoa          		CODE           	7E28	0000	164

C:\Arquivos de programas\Microchip\xc8\v1.21\sources\common\itoa.c estimated size: 230

C:\Arquivos de programas\Microchip\xc8\v1.21\sources\pic18\plib\USART\uread.c
		_ReadUSART     		CODE           	7BF0	0000	30

C:\Arquivos de programas\Microchip\xc8\v1.21\sources\pic18\plib\USART\uread.c estimated size: 30

main.c
		_main          		CODE           	7ECC	0000	308
		_Delay1Second  		CODE           	7C36	0000	46

main.c estimated size: 354

C:\Arquivos de programas\Microchip\xc8\v1.21\sources\pic18\plib\ADC\adcconv.c
		_ConvertADC    		CODE           	7BA4	0000	4

C:\Arquivos de programas\Microchip\xc8\v1.21\sources\pic18\plib\ADC\adcconv.c estimated size: 4

C:\Arquivos de programas\Microchip\xc8\v1.21\sources\pic18\plib\USART\uputrs.c
		_putrsUSART    		CODE           	7C64	0000	46

C:\Arquivos de programas\Microchip\xc8\v1.21\sources\pic18\plib\USART\uputrs.c estimated size: 46

C:\Arquivos de programas\Microchip\xc8\v1.21\sources\pic18\plib\USART\uwrite.c
		_WriteUSART    		CODE           	7BB8	0000	16

C:\Arquivos de programas\Microchip\xc8\v1.21\sources\pic18\plib\USART\uwrite.c estimated size: 16

C:\Arquivos de programas\Microchip\xc8\v1.21\sources\pic18\plib\USART\uputs.c
		_putsUSART     		CODE           	7C0E	0000	40

C:\Arquivos de programas\Microchip\xc8\v1.21\sources\pic18\plib\USART\uputs.c estimated size: 40

C:\Arquivos de programas\Microchip\xc8\v1.21\sources\pic18\plib\ADC\adcsetch.c
		_SetChanADC    		CODE           	7BC8	0000	20

C:\Arquivos de programas\Microchip\xc8\v1.21\sources\pic18\plib\ADC\adcsetch.c estimated size: 20

C:\Arquivos de programas\Microchip\xc8\v1.21\sources\pic18\plib\USART\uopen.c
		_OpenUSART     		CODE           	7D70	0000	92

C:\Arquivos de programas\Microchip\xc8\v1.21\sources\pic18\plib\USART\uopen.c estimated size: 92

C:\Arquivos de programas\Microchip\xc8\v1.21\sources\pic18\plib\ADC\adcread.c
		_ReadADC       		CODE           	7BAE	0000	10

C:\Arquivos de programas\Microchip\xc8\v1.21\sources\pic18\plib\ADC\adcread.c estimated size: 10

C:\Arquivos de programas\Microchip\xc8\v1.21\sources\common\lwmod.c
		___lwmod       		CODE           	7CD4	0000	70

C:\Arquivos de programas\Microchip\xc8\v1.21\sources\common\lwmod.c estimated size: 70

